---
source: crates/fig-parser/tests/integration_tests.rs
expression: ast
---
items:
  - Using:
      visibility: Public
      annotations: []
      path:
        segments:
          - api
          - types
  - Using:
      visibility: Export
      annotations: []
      path:
        segments:
          - core
          - primitives
  - Using:
      visibility: Private
      annotations: []
      path:
        segments:
          - internal
          - helpers
