---
source: crates/fig-parser/tests/integration_tests.rs
expression: ast
---
items:
  - Using:
      visibility: Default
      annotations: []
      path:
        segments:
          - std
          - collections
          - hash_map
  - Using:
      visibility: Default
      annotations: []
      path:
        segments:
          - core
          - mem
          - layout
          - allocator
