---
source: crates/fig-parser/tests/integration_tests.rs
expression: ast
---
items:
  - Function:
      signature:
        visibility: Default
        annotations: []
        is_extern: false
        is_effect: false
        receiver: ~
        name: greet
        outer_generic_params: []
        func_generic_params: []
        self_param: ~
        params: []
        return_types: []
      body:
        statements:
          - Pass
  - Struct:
      visibility: Default
      annotations: []
      is_packed: false
      name:
        segments:
          - Point
      generic_params: []
      requires: []
      fields:
        - name: x
          ty: I32
          visibility: Default
          annotations: []
        - name: y
          ty: I32
          visibility: Default
          annotations: []
  - Enum:
      visibility: Default
      annotations: []
      name:
        segments:
          - Color
      representation: ~
      generic_params: []
      requires: []
      variants:
        - name: RED
          value: ~
        - name: GREEN
          value: ~
        - name: BLUE
          value: ~
