---
source: crates/fig-parser/tests/integration_tests.rs
expression: ast
---
items:
  - Function:
      signature:
        visibility: Public
        annotations: []
        is_extern: false
        is_effect: false
        receiver: ~
        name: public_fn
        outer_generic_params: []
        func_generic_params: []
        self_param: ~
        params: []
        return_types:
          - Path:
              path:
                segments:
                  - ok
              generic_args: []
      body:
        statements:
          - Pass
  - Function:
      signature:
        visibility: Export
        annotations: []
        is_extern: false
        is_effect: false
        receiver: ~
        name: export_fn
        outer_generic_params: []
        func_generic_params: []
        self_param: ~
        params: []
        return_types:
          - Path:
              path:
                segments:
                  - ok
              generic_args: []
      body:
        statements:
          - Pass
  - Function:
      signature:
        visibility: Private
        annotations: []
        is_extern: false
        is_effect: false
        receiver: ~
        name: private_fn
        outer_generic_params: []
        func_generic_params: []
        self_param: ~
        params: []
        return_types:
          - Path:
              path:
                segments:
                  - ok
              generic_args: []
      body:
        statements:
          - Pass
  - Struct:
      visibility: Public
      annotations: []
      is_packed: false
      name:
        segments:
          - PublicS
      generic_params: []
      requires: []
      fields:
        - name: x
          ty: I32
          visibility: Default
          annotations: []
  - Struct:
      visibility: Export
      annotations: []
      is_packed: false
      name:
        segments:
          - ExportS
      generic_params: []
      requires: []
      fields:
        - name: x
          ty: I32
          visibility: Default
          annotations: []
  - Struct:
      visibility: Private
      annotations: []
      is_packed: false
      name:
        segments:
          - PrivateS
      generic_params: []
      requires: []
      fields:
        - name: x
          ty: I32
          visibility: Default
          annotations: []
  - Enum:
      visibility: Public
      annotations: []
      name:
        segments:
          - PubEnum
      representation: ~
      generic_params: []
      requires: []
      variants:
        - name: A
          value: ~
        - name: B
          value: ~
  - Enum:
      visibility: Export
      annotations: []
      name:
        segments:
          - ExportEnum
      representation: ~
      generic_params: []
      requires: []
      variants:
        - name: A
          value: ~
        - name: B
          value: ~
