---
source: crates/fig-parser/tests/integration_tests.rs
expression: ast
---
items:
  - TypeAlias:
      visibility: Public
      annotations: []
      name:
        segments:
          - PublicInt
      generic_params: []
      aliased_type: I32
  - TypeAlias:
      visibility: Export
      annotations: []
      name:
        segments:
          - ExportedByte
      generic_params: []
      aliased_type: U8
  - TypeAlias:
      visibility: Private
      annotations: []
      name:
        segments:
          - PrivateFloat
      generic_params: []
      aliased_type: F64
