---
source: crates/fig-parser/tests/integration_tests.rs
expression: ast
---
items:
  - Function:
      signature:
        visibility: Default
        annotations: []
        is_extern: false
        is_effect: false
        receiver: ~
        name: takes_string
        outer_generic_params: []
        func_generic_params: []
        self_param: ~
        params:
          - name: s
            ty:
              Array:
                element_type: U8
                size: ~
        return_types:
          - Path:
              path:
                segments:
                  - ok
              generic_args: []
      body:
        statements:
          - Pass
  - Function:
      signature:
        visibility: Default
        annotations: []
        is_extern: false
        is_effect: false
        receiver: ~
        name: use_empty
        outer_generic_params: []
        func_generic_params: []
        self_param: ~
        params: []
        return_types:
          - Path:
              path:
                segments:
                  - ok
              generic_args: []
      body:
        statements:
          - Let:
              annotations: []
              name: empty
              ty: ~
              value:
                StringLiteral: ""
          - Let:
              annotations: []
              name: also_empty
              ty: ~
              value:
                StringLiteral: ""
          - Expression:
              Call:
                callee:
                  Path:
                    segments:
                      - takes_string
                args:
                  - name: ~
                    value:
                      StringLiteral: ""
                generic_args: ~
                is_propagating: false
          - Pass
