---
source: crates/fig-parser/tests/integration_tests.rs
expression: ast
---
items:
  - Interface:
      visibility: Default
      annotations: []
      name:
        segments:
          - Printable
      generic_params: []
      extends: []
      methods:
        - visibility: Default
          annotations: []
          is_extern: false
          is_effect: false
          receiver: ~
          name: print
          outer_generic_params: []
          func_generic_params: []
          self_param:
            is_pointer: true
            is_mutable: false
          params: []
          return_types:
            - Path:
                path:
                  segments:
                    - ok
                generic_args: []
