---
source: crates/fig-parser/tests/integration_tests.rs
expression: ast
---
items:
  - Function:
      signature:
        visibility: Default
        annotations: []
        is_extern: false
        is_effect: false
        receiver: ~
        name: nop
        outer_generic_params: []
        func_generic_params: []
        self_param: ~
        params: []
        return_types:
          - Path:
              path:
                segments:
                  - ok
              generic_args: []
      body:
        statements:
          - Pass
  - Function:
      signature:
        visibility: Default
        annotations: []
        is_extern: false
        is_effect: false
        receiver: ~
        name: always_true
        outer_generic_params: []
        func_generic_params: []
        self_param: ~
        params: []
        return_types:
          - Bool
      body:
        statements:
          - Pass
  - Function:
      signature:
        visibility: Default
        annotations: []
        is_extern: false
        is_effect: false
        receiver: ~
        name: unit_work
        outer_generic_params: []
        func_generic_params: []
        self_param: ~
        params: []
        return_types:
          - Path:
              path:
                segments:
                  - ok
              generic_args: []
      body:
        statements:
          - Pass
