---
source: crates/fig-parser/tests/integration_tests.rs
expression: ast
---
items:
  - Interface:
      visibility: Default
      annotations: []
      name:
        segments:
          - Allocator
      generic_params: []
      extends: []
      methods:
        - visibility: Default
          annotations: []
          is_extern: false
          is_effect: true
          receiver: ~
          name: allocate
          outer_generic_params: []
          func_generic_params: []
          self_param:
            is_pointer: true
            is_mutable: true
          params:
            - name: size
              ty: USize
          return_types:
            - Pointer:
                nullable: false
                mutable: true
                element_type: U8
        - visibility: Default
          annotations: []
          is_extern: false
          is_effect: true
          receiver: ~
          name: deallocate
          outer_generic_params: []
          func_generic_params: []
          self_param:
            is_pointer: true
            is_mutable: true
          params:
            - name: ptr
              ty:
                Pointer:
                  nullable: false
                  mutable: true
                  element_type: U8
          return_types:
            - Path:
                path:
                  segments:
                    - ok
                generic_args: []
        - visibility: Default
          annotations: []
          is_extern: false
          is_effect: true
          receiver: ~
          name: reallocate
          outer_generic_params: []
          func_generic_params: []
          self_param:
            is_pointer: true
            is_mutable: true
          params:
            - name: ptr
              ty:
                Pointer:
                  nullable: false
                  mutable: true
                  element_type: U8
            - name: size
              ty: USize
          return_types:
            - Pointer:
                nullable: false
                mutable: true
                element_type: U8
