---
source: crates/fig-parser/tests/integration_tests.rs
expression: ast
---
items:
  - Function:
      signature:
        visibility: Default
        annotations: []
        is_extern: false
        is_effect: false
        receiver: ~
        name: strings
        outer_generic_params: []
        func_generic_params: []
        self_param: ~
        params: []
        return_types:
          - Path:
              path:
                segments:
                  - ok
              generic_args: []
      body:
        statements:
          - Let:
              annotations: []
              name: name
              ty: ~
              value:
                StringLiteral: World
          - Let:
              annotations: []
              name: x
              ty: ~
              value:
                IntegerLiteral:
                  base: Decimal
                  digits: "42"
                  suffix: ~
          - Pass
